00000000

00000000                            ; ==============================================================
00000000                            ; --------------------------------------------------------------
00000000                            ; Testing listing file for the ASM68K listing parser
00000000                            ; --------------------------------------------------------------
00000000                            

00000000 =000000BA                  __base_marker	equ		$BA
00000000 =00000001                  	__version:	equ		$01
00000000                            

00000000                            ; --------------------------------------------------------------
00000000                            Offset_00:
00000000 BA                         	dc.b	__base_marker
00000001 01                         	dc.b	__version
00000002 1004                       	dc.b	$10, 4
00000004                            

00000004                            @Console:
00000004 5345 4741 204D 4547 4120+  	dc.b	'SEGA MEGA DRIVE', 0
00000014                            	even
00000014                            

00000014                            ; --------------------------------------------------------------
00000014                            Offset_14:
00000014 4E71                       	nop
00000016 4E71                       	nop
00000018 7000                       	moveq	#0, d0
0000001A 4E75                       	rts
0000001C                            

0000001C                            ; --------------------------------------------------------------
0000001C                            RedefineOffset	macro	*
0000001C                            	dc.w	$F0F0
0000001C                            	
0000001C                            _redef_\*:
0000001C                            	endm
0000001C                            	
0000001C                            ExpandCode	macro
0000001C                            	moveq	#0, d0
0000001C                            	move	d0, d1
0000001C                            	jmp		(a0)
0000001C                            st:	endm
0000001C                            

0000001C                            ; --------------------------------------------------------------
0000001C                            GlobalsTable:
0000001C                            

0000001C                            MainRoutine:	RedefineOffset
0000001C F0F0                     M 	dc.w	$f0f0
0000001E                          M _redef_mainroutine:
0000001E                            				ExpandCode
0000001E 7000                     M 	moveq	#0,d0
00000020 3200                     M 	move	d0,d1
00000022 4ED0                     M 	jmp	(a0)
00000024                            BranchData		RedefineOffset
00000024 F0F0                     M 	dc.w	$f0f0
00000026                          M _redef_branchdata:
00000026                            ExpandData:		ExpandCode
00000026 7000                     M 	moveq	#0,d0
00000028 3200                     M 	move	d0,d1
0000002A 4ED0                     M 	jmp	(a0)
0000002C                            sys:			RedefineOffset
0000002C F0F0                     M 	dc.w	$f0f0
0000002E                          M _redef_sys:
0000002E                            				ExpandCode
0000002E 7000                     M 	moveq	#0,d0
00000030 3200                     M 	move	d0,d1
00000032 4ED0                     M 	jmp	(a0)
00000034                            

00000034                            ; --------------------------------------------------------------
00000034                            EndOffset:
00000034                            

